13:18:41 **** Incremental Build of configuration Debug for project gpio_drivers ****
make -j4 all 
arm-none-eabi-gcc "../drivers/Src/gpio.c" -mcpu=cortex-m4 -std=gnu11 -g3 -DDEBUG -DSTM32 -DSTM32F407G_DISC1 -DSTM32F4 -DSTM32F407VGTx -c -I../Inc -I"C:/Users/Navjeevan/OneDrive/Documents/GitHub/baremetalSTM32DISC1/DRIVERS_STM32F407VG/WORKSPACE/gpio_drivers/drivers/Inc" -O0 -ffunction-sections -fdata-sections -Wall -fstack-usage -MMD -MP -MF"drivers/Src/gpio.d" -MT"drivers/Src/gpio.o" --specs=nano.specs -mfpu=fpv4-sp-d16 -mfloat-abi=hard -mthumb -o "drivers/Src/gpio.o"
arm-none-eabi-gcc -mcpu=cortex-m4 -g3 -c -x assembler-with-cpp -MMD -MP -MF"Startup/startup_stm32f407vgtx.d" -MT"Startup/startup_stm32f407vgtx.o" --specs=nano.specs -mfpu=fpv4-sp-d16 -mfloat-abi=hard -mthumb -o "Startup/startup_stm32f407vgtx.o" "../Startup/startup_stm32f407vgtx.s"
arm-none-eabi-gcc "../Src/01_blueLedToggle.c" -mcpu=cortex-m4 -std=gnu11 -g3 -DDEBUG -DSTM32 -DSTM32F407G_DISC1 -DSTM32F4 -DSTM32F407VGTx -c -I../Inc -I"C:/Users/Navjeevan/OneDrive/Documents/GitHub/baremetalSTM32DISC1/DRIVERS_STM32F407VG/WORKSPACE/gpio_drivers/drivers/Inc" -O0 -ffunction-sections -fdata-sections -Wall -fstack-usage -MMD -MP -MF"Src/01_blueLedToggle.d" -MT"Src/01_blueLedToggle.o" --specs=nano.specs -mfpu=fpv4-sp-d16 -mfloat-abi=hard -mthumb -o "Src/01_blueLedToggle.o"
arm-none-eabi-gcc "../Src/syscalls.c" -mcpu=cortex-m4 -std=gnu11 -g3 -DDEBUG -DSTM32 -DSTM32F407G_DISC1 -DSTM32F4 -DSTM32F407VGTx -c -I../Inc -I"C:/Users/Navjeevan/OneDrive/Documents/GitHub/baremetalSTM32DISC1/DRIVERS_STM32F407VG/WORKSPACE/gpio_drivers/drivers/Inc" -O0 -ffunction-sections -fdata-sections -Wall -fstack-usage -MMD -MP -MF"Src/syscalls.d" -MT"Src/syscalls.o" --specs=nano.specs -mfpu=fpv4-sp-d16 -mfloat-abi=hard -mthumb -o "Src/syscalls.o"
arm-none-eabi-gcc "../Src/sysmem.c" -mcpu=cortex-m4 -std=gnu11 -g3 -DDEBUG -DSTM32 -DSTM32F407G_DISC1 -DSTM32F4 -DSTM32F407VGTx -c -I../Inc -I"C:/Users/Navjeevan/OneDrive/Documents/GitHub/baremetalSTM32DISC1/DRIVERS_STM32F407VG/WORKSPACE/gpio_drivers/drivers/Inc" -O0 -ffunction-sections -fdata-sections -Wall -fstack-usage -MMD -MP -MF"Src/sysmem.d" -MT"Src/sysmem.o" --specs=nano.specs -mfpu=fpv4-sp-d16 -mfloat-abi=hard -mthumb -o "Src/sysmem.o"
arm-none-eabi-gcc -o "gpio_drivers.elf" @"objects.list"   -mcpu=cortex-m4 -T"C:\Users\Navjeevan\OneDrive\Documents\GitHub\baremetalSTM32DISC1\DRIVERS_STM32F407VG\WORKSPACE\gpio_drivers\STM32F407VGTX_FLASH.ld" --specs=nosys.specs -Wl,-Map="gpio_drivers.map" -Wl,--gc-sections -static --specs=nano.specs -mfpu=fpv4-sp-d16 -mfloat-abi=hard -mthumb -Wl,--start-group -lc -lm -Wl,--end-group
Finished building target: gpio_drivers.elf
 
arm-none-eabi-size   gpio_drivers.elf 
arm-none-eabi-objdump -h -S  gpio_drivers.elf  > "gpio_drivers.list"
arm-none-eabi-objcopy  -O binary  gpio_drivers.elf  "gpio_drivers.bin"
   text	   data	    bss	    dec	    hex	filename
   2188	      8	   1568	   3764	    eb4	gpio_drivers.elf
Finished building: default.size.stdout
 
Finished building: gpio_drivers.list
 
Finished building: gpio_drivers.bin
 

13:18:42 Build Finished. 0 errors, 0 warnings. (took 1s.461ms)

