18:07:38 **** Incremental Build of configuration Debug for project spi_drivers_arduino ****
make -j4 all 
arm-none-eabi-gcc "../Src/10_spi_testing.c" -mcpu=cortex-m4 -std=gnu11 -g3 -DDEBUG -DSTM32 -DSTM32F407G_DISC1 -DSTM32F4 -DSTM32F407VGTx -c -I../Inc -I"C:/Users/Navjeevan/OneDrive/Documents/GitHub/baremetalSTM32DISC1/DRIVERS_STM32F407VG/WORKSPACE/spi_drivers_arduino/drivers/Inc" -O0 -ffunction-sections -fdata-sections -Wall -fstack-usage -MMD -MP -MF"Src/10_spi_testing.d" -MT"Src/10_spi_testing.o" --specs=nano.specs -mfpu=fpv4-sp-d16 -mfloat-abi=hard -mthumb -o "Src/10_spi_testing.o"
arm-none-eabi-gcc -o "spi_drivers_arduino.elf" @"objects.list"   -mcpu=cortex-m4 -T"C:\Users\Navjeevan\OneDrive\Documents\GitHub\baremetalSTM32DISC1\DRIVERS_STM32F407VG\WORKSPACE\spi_drivers_arduino\STM32F407VGTX_FLASH.ld" --specs=nosys.specs -Wl,-Map="spi_drivers_arduino.map" -Wl,--gc-sections -static --specs=nano.specs -mfpu=fpv4-sp-d16 -mfloat-abi=hard -mthumb -Wl,--start-group -lc -lm -Wl,--end-group
Finished building target: spi_drivers_arduino.elf
 
arm-none-eabi-objdump -h -S  spi_drivers_arduino.elf  > "spi_drivers_arduino.list"
arm-none-eabi-objcopy  -O binary  spi_drivers_arduino.elf  "spi_drivers_arduino.bin"
arm-none-eabi-size   spi_drivers_arduino.elf 
   text	   data	    bss	    dec	    hex	filename
   3144	      8	   1568	   4720	   1270	spi_drivers_arduino.elf
Finished building: default.size.stdout
 
Finished building: spi_drivers_arduino.list
Finished building: spi_drivers_arduino.bin
 
 

18:07:39 Build Finished. 0 errors, 0 warnings. (took 887ms)

